fun main() {
    println("Hello, QuickCode!")
    println("Good morning :)")
}